roofline start 2026-09-27T10:22:24+04:00 load 4.03 7.03 5.40 sm 277 MHz
# measured bounds: DRAM copy 830 GB/s (read+write), fp16 GEMM 121.8 TF/s, bf16 GEMM 121.8 TF/s (8192^3, fp32 accumulate)
/home/lucas/ai/FreeToken/.venv/lib/python3.12/site-packages/torch/profiler/profiler.py:224: UserWarning: Warning: Profiler clears events at the end of each cycle.Only events from the current cycle will be reported.To keep events across cycles, set acc_events=True.
  _warn_once(
op                                 kernel                         calls        us        MB    GFLOP    GB/s   TF/s bound   bnd us   eff
decode GDN in_proj qkvz            _had_rows_kernel                 1.0       2.8      0.02     0.00       7    0.0  DRAM      0.0  0.01
decode GDN in_proj qkvz            _exl3_gemv_kernel                1.0      22.5     15.79     0.05     703    2.2  DRAM     19.0  0.85
decode attn q+gate|k|v             _had_rows_kernel                 1.0       2.6      0.02     0.00       6    0.0  DRAM      0.0  0.01
decode attn q+gate|k|v             _exl3_gemv_kernel                1.0      18.1     11.85     0.04     656    2.1  DRAM     14.3  0.79
decode o_proj / out_proj           _exl3_gemv_kernel                1.0      13.1      5.26     0.02     403    1.3  DRAM      6.3  0.49
decode shared gate|up              _exl3_gemv_kernel                1.0       8.0      1.32     0.00     165    0.5  DRAM      1.6  0.20
decode shared down                 _exl3_gemv_kernel                1.0       5.8      0.67     0.00     115    0.4  DRAM      0.8  0.14
decode lm_head (6 bit)             _had_rows_kernel                 1.0       3.0      0.01     0.00       3    0.0  DRAM      0.0  0.00
decode lm_head (6 bit)             _exl3_gemv_kernel                1.0     415.4    382.42     1.02     921    2.5  DRAM    460.6  1.11
decode MoE (8 routes)              _exl3_gemv_kernel                2.0      29.1     15.95     0.05     548    1.7  DRAM     19.2  0.66
decode MoE (8 routes)              _splitk_silu_had_kernel          1.0       3.2      0.04     0.00      13    0.0  DRAM      0.1  0.01
decode MoE (8 routes)              _splitk_combine_kernel           1.0       0.8      0.07     0.00      82    0.0  DRAM      0.1  0.10
prefill M=8192 GDN in_proj qkvz    void at::native::unrolled_elem   1.0      84.3      0.00     0.00       0    0.0  DRAM      0.0  0.00
prefill M=8192 GDN in_proj qkvz    _reconstruct_folded_kernel       6.0     378.6      0.00     0.00       0    0.0  DRAM      0.0  0.00
prefill M=8192 GDN in_proj qkvz    cuBLAS mm (fp16, fp32 out)       6.0    3423.4    587.20   412.32     172  120.4    TC   3385.0  0.99
prefill M=8192 GDN in_proj qkvz    void at::native::elementwise_k   6.0     480.7      0.00     0.00       0    0.0  DRAM      0.0  0.00
prefill M=8192 attn q+gate|k|v     void at::native::unrolled_elem   1.0      84.1      0.00     0.00       0    0.0  DRAM      0.0  0.00
prefill M=8192 attn q+gate|k|v     _reconstruct_folded_kernel       5.0     285.1      0.00     0.00       0    0.0  DRAM      0.0  0.00
prefill M=8192 attn q+gate|k|v     cuBLAS mm (fp16, fp32 out)       5.0    2577.2    440.40   309.24     171  120.0    TC   2538.7  0.98
prefill M=8192 attn q+gate|k|v     void at::native::elementwise_k   5.0     352.7      0.00     0.00       0    0.0  DRAM      0.0  0.00
prefill M=8192 o_proj / out_proj   void at::native::unrolled_elem   1.0     166.0      0.00     0.00       0    0.0  DRAM      0.0  0.00
prefill M=8192 o_proj / out_proj   _reconstruct_folded_kernel       1.0     110.8      0.00     0.00       0    0.0  DRAM      0.0  0.00
prefill M=8192 o_proj / out_proj   cuBLAS mm (fp16, fp32 out)       1.0    1161.0    151.00   137.44     130  118.4    TC   1128.3  0.97
prefill M=8192 o_proj / out_proj   void at::native::unrolled_elem   1.0      77.0      0.00     0.00       0    0.0  DRAM      0.0  0.00
prefill M=8192 shared gate|up      void at::native::unrolled_elem   1.0      83.5      0.00     0.00       0    0.0  DRAM      0.0  0.00
prefill M=8192 shared gate|up      _reconstruct_folded_kernel       1.0      32.5      0.00     0.00       0    0.0  DRAM      0.0  0.00
prefill M=8192 shared gate|up      cuBLAS mm (fp16, fp32 out)       1.0     293.5    104.86    34.36     357  117.1    TC    282.1  0.96
prefill M=8192 shared gate|up      void at::native::unrolled_elem   1.0      26.1      0.00     0.00       0    0.0  DRAM      0.0  0.00
prefill M=8192 shared down         void at::native::unrolled_elem   1.0      22.4      0.00     0.00       0    0.0  DRAM      0.0  0.00
prefill M=8192 shared down         _reconstruct_folded_kernel       1.0      16.7      0.00     0.00       0    0.0  DRAM      0.0  0.00
prefill M=8192 shared down         cuBLAS mm (fp16, fp32 out)       1.0     156.1     77.59    17.18     497  110.0    TC    141.0  0.90
prefill M=8192 shared down         void at::native::unrolled_elem   1.0      53.6      0.00     0.00       0    0.0  DRAM      0.0  0.00
prefill M=8192 MoE                 moe_align                        1.0      38.0      0.00     0.00       0    0.0  DRAM      0.0  0.00
prefill M=8192 MoE                 count_and_sort                   1.0       7.2      0.00     0.00       0    0.0  DRAM      0.0  0.00
prefill M=8192 MoE                 _had_rows_kernel                 2.0    2083.0    704.64     0.00     338    0.0  DRAM    848.7  0.41
prefill M=8192 MoE                 _reconstruct_experts_kernel     16.0    4580.6   2113.93     0.00     462    0.0  DRAM   2546.0  0.56
prefill M=8192 MoE                 _exl3_gemm_kernel               16.0   10578.3   2885.68   412.32     273   39.0  DRAM   3475.5  0.33
prefill M=8192 MoE                 act_and_mul                      1.0     389.8      0.00     0.00       0    0.0  DRAM      0.0  0.00
prefill M=8192 MoE                 _splitk_combine_kernel           1.0    1362.9      0.00     0.00       0    0.0  DRAM      0.0  0.00
prefill M=8192 MoE                 Memcpy DtoD (Device -> Device)   1.0      71.7      0.00     0.00       0    0.0  DRAM      0.0  0.00
PROFILEDONE 2026-09-27T10:22:36+04:00
