start 2026-09-27T15:06:15+04:00 b967140 Merge exp/final-numbers: Ornith EXL3 final +diff  3 files changed, 72 insertions(+), 40 deletions(-)
0 MiB
........................................................................ [  9%]
........................................................................ [ 18%]
........................................................................ [ 28%]
........................................................................ [ 37%]
........................................................................ [ 47%]
........................................................................ [ 56%]
........................................................................ [ 65%]
........................................................................ [ 75%]
........................................................................ [ 84%]
...sss......s................s.......................................... [ 94%]
............................................                             [100%]
=============================== warnings summary ===============================
tests/kernels/test_exl3.py::test_moe_matches_reference[prefill-5-3inst-2]
  /home/lucas/ai/FreeToken/.venv/lib/python3.12/site-packages/flashinfer/cute_dsl/utils.py:86: DeprecationWarning: Arch from arch.py is deprecated. Use Arch from enums.py instead.
    from cutlass.base_dsl.arch import Arch

tests/moe/test_mirror_pool_gguf.py::test_pool_row_matches_the_loader_row
  /home/lucas/ai/FreeToken-wt/kfix/python/freetoken/models/gguf/reader.py:112: UserWarning: The given NumPy array is not writable, and PyTorch does not support non-writable tensors. This means writing to this tensor will result in undefined behavior. You may want to copy the array to protect its data or make it writable before converting it to a tensor. This type of warning will be suppressed for the rest of this program. (Triggered internally at /pytorch/torch/csrc/utils/tensor_numpy.cpp:213.)
    return torch.from_numpy(self._raw)

-- Docs: https://docs.pytest.org/en/stable/how-to/capture-warnings.html
759 passed, 5 skipped, 2 warnings in 326.12s (0:05:26)
rc=0 PYTESTDONE 2026-09-27T15:11:56+04:00
