start 2026-09-27T22:09:35+04:00 load 0.99 1.32 2.02 tree /home/lucas/ai/FreeToken-wt/popt-exl3 757caee Merge exp/exl3-kfix: EXL3 expert kernels, 
/home/lucas/ai/FreeToken/.venv/lib/python3.12/site-packages/torch/profiler/profiler.py:224: UserWarning: Warning: Profiler clears events at the end of each cycle.Only events from the current cycle will be reported.To keep events across cycles, set acc_events=True.
  _warn_once(
M=8192 group=32 ms per call:
  _exl3_gemm_kernel                                              5.595  x16
  _reconstruct_experts_kernel                                    2.219  x16
  _had_rows_kernel                                               1.409  x2
  _splitk_combine_kernel                                         0.604  x1
  void flashinfer::activation::act_and_mul_kernel<__half, &(si   0.172  x1
  Memcpy DtoD (Device -> Device)                                 0.033  x1
  void moe_align_block_size_kernel<int>(int const*, int*, int*   0.023  x1
  void count_and_sort_expert_tokens_kernel<int>(int const*, in   0.006  x1
  _group_blocks_kernel                                           0.001  x1
  total 10.063
/home/lucas/ai/FreeToken/.venv/lib/python3.12/site-packages/torch/profiler/profiler.py:224: UserWarning: Warning: Profiler clears events at the end of each cycle.Only events from the current cycle will be reported.To keep events across cycles, set acc_events=True.
  _warn_once(
M=8192 group=16 ms per call:
  _exl3_gemm_kernel                                              5.499  x32
  _reconstruct_experts_kernel                                    1.912  x32
  _had_rows_kernel                                               1.408  x2
  _splitk_combine_kernel                                         0.600  x1
  void flashinfer::activation::act_and_mul_kernel<__half, &(si   0.175  x1
  Memcpy DtoD (Device -> Device)                                 0.031  x1
  void moe_align_block_size_kernel<int>(int const*, int*, int*   0.023  x1
  void count_and_sort_expert_tokens_kernel<int>(int const*, in   0.006  x1
  _group_blocks_kernel                                           0.001  x1
  total 9.656
/home/lucas/ai/FreeToken/.venv/lib/python3.12/site-packages/torch/profiler/profiler.py:224: UserWarning: Warning: Profiler clears events at the end of each cycle.Only events from the current cycle will be reported.To keep events across cycles, set acc_events=True.
  _warn_once(
M=512 group=16 ms per call:
  _reconstruct_experts_kernel                                    2.062  x32
  _exl3_gemm_kernel                                              0.944  x32
  _had_rows_kernel                                               0.099  x2
  _splitk_combine_kernel                                         0.033  x1
  void flashinfer::activation::act_and_mul_kernel<__half, &(si   0.011  x1
  void moe_align_block_size_kernel<int>(int const*, int*, int*   0.003  x1
  Memcpy DtoD (Device -> Device)                                 0.002  x1
  void count_and_sort_expert_tokens_kernel<int>(int const*, in   0.001  x1
  _group_blocks_kernel                                           0.001  x1
  total 3.157
rc=0 end 2026-09-27T22:09:47+04:00
