start 2026-09-27T22:17:05+04:00 load 1.81 1.62 1.91 tree /home/lucas/ai/FreeToken-wt/popt-exl3 757caee Merge exp/exl3-kfix: EXL3 expert kernels, 
bits 2 3inst gu equal=True
bits 2 3inst dn equal=True
bits 2 mcg   gu equal=True
bits 2 mcg   dn equal=True
bits 2 mul1  gu equal=True
bits 2 mul1  dn equal=True
bits 3 3inst gu equal=True
bits 3 3inst dn equal=True
bits 3 mcg   gu equal=True
bits 3 mcg   dn equal=True
bits 3 mul1  gu equal=True
bits 3 mul1  dn equal=True
bits 4 3inst gu equal=True
bits 4 3inst dn equal=True
bits 4 mcg   gu equal=True
bits 4 mcg   dn equal=True
bits 4 mul1  gu equal=True
bits 4 mul1  dn equal=True
bits 5 3inst gu equal=True
bits 5 3inst dn equal=True
bits 5 mcg   gu equal=True
bits 5 mcg   dn equal=True
bits 5 mul1  gu equal=True  prod 133.0 us  t1/2 133.2  t1/4 133.3  t1/8 119.9  t2/2 121.2  t2/4 118.6  t2/8 122.4  t4/2 118.9  t4/4 125.9  t4/8 137.2
bits 5 mul1  dn equal=True  prod 62.2 us  t1/2 35.5  t1/4 35.9  t1/8 40.1  t2/2 39.6  t2/4 41.4  t2/8 38.7  t4/2 32.7  t4/4 39.1  t4/8 38.9
bits 6 3inst gu equal=True
bits 6 3inst dn equal=True
bits 6 mcg   gu equal=True
bits 6 mcg   dn equal=True
bits 6 mul1  gu equal=True
bits 6 mul1  dn equal=True
bits 8 3inst gu equal=True
bits 8 3inst dn equal=True
bits 8 mcg   gu equal=True
bits 8 mcg   dn equal=True
bits 8 mul1  gu equal=True
bits 8 mul1  dn equal=True
rc=0 end 2026-09-27T22:17:14+04:00
