start 2026-09-27T23:25:54+04:00 load 9.38 4.76 4.19 tree /home/lucas/ai/FreeToken-wt/popt-exl3 757caee Merge exp/exl3-kfix: EXL3 expert kernels, 
M1152 K2048 N2048: cuBLAS+outcast 0.110 ms, best Triton 0.100 ms (64, 64, 32, 3, 4)
M1152 K4096 N2048: cuBLAS+outcast 0.198 ms, best Triton 0.187 ms (64, 64, 64, 3, 4)
M1152 K2048 N1024: cuBLAS+outcast 0.062 ms, best Triton 0.060 ms (64, 128, 64, 3, 8)
M1152 K512 N2048: cuBLAS+outcast 0.038 ms, best Triton 0.028 ms (64, 64, 32, 3, 4)
M2048 K2048 N2048: cuBLAS+outcast 0.179 ms, best Triton 0.174 ms (64, 64, 32, 4, 4)
M2048 K4096 N2048: cuBLAS+outcast 0.331 ms, best Triton 0.338 ms (64, 64, 32, 3, 4)
M2048 K2048 N1024: cuBLAS+outcast 0.101 ms, best Triton 0.105 ms (64, 64, 32, 4, 4)
M2048 K512 N2048: cuBLAS+outcast 0.062 ms, best Triton 0.048 ms (64, 64, 64, 3, 4)
M4096 K2048 N2048: cuBLAS+outcast 0.331 ms, best Triton 0.324 ms (64, 64, 32, 3, 4)
M4096 K4096 N2048: cuBLAS+outcast 0.634 ms, best Triton 0.634 ms (64, 64, 32, 4, 4)
M4096 K2048 N1024: cuBLAS+outcast 0.179 ms, best Triton 0.179 ms (64, 64, 32, 3, 4)
M4096 K512 N2048: cuBLAS+outcast 0.113 ms, best Triton 0.090 ms (64, 128, 32, 3, 4)
M8192 K2048 N2048: cuBLAS+outcast 0.667 ms, best Triton 0.635 ms (64, 64, 32, 3, 4)
M8192 K4096 N2048: cuBLAS+outcast 1.266 ms, best Triton 1.238 ms (64, 64, 32, 3, 4)
M8192 K2048 N1024: cuBLAS+outcast 0.342 ms, best Triton 0.330 ms (64, 64, 64, 3, 4)
M8192 K512 N2048: cuBLAS+outcast 0.227 ms, best Triton 0.177 ms (64, 128, 32, 3, 4)
configs by total slowdown vs per-shape best:
  (64, 64, 64, 3, 4): 0.673  0.121 0.187 0.063 0.029 0.186 0.340 0.111 0.048 0.327 0.638 0.192 0.098 0.641 1.245 0.330 0.189
  (64, 64, 32, 4, 4): 0.707  0.119 0.192 0.064 0.030 0.174 0.338 0.105 0.056 0.326 0.634 0.194 0.098 0.646 1.246 0.338 0.178
  (64, 64, 32, 3, 4): 0.852  0.100 0.245 0.067 0.028 0.191 0.338 0.116 0.055 0.324 0.640 0.179 0.091 0.635 1.238 0.341 0.184
  (64, 128, 32, 3, 8): 1.037  0.112 0.207 0.060 0.033 0.184 0.357 0.121 0.050 0.346 0.650 0.196 0.098 0.642 1.259 0.341 0.177
  (64, 64, 64, 4, 4): 1.341  0.128 0.209 0.064 0.031 0.180 0.346 0.119 0.051 0.341 0.661 0.194 0.097 0.672 1.292 0.346 0.201
  (64, 128, 32, 3, 4): 1.397  0.111 0.209 0.070 0.034 0.184 0.368 0.124 0.060 0.330 0.657 0.201 0.090 0.640 1.255 0.344 0.177
  (64, 128, 64, 3, 8): 1.463  0.133 0.213 0.060 0.033 0.190 0.361 0.127 0.052 0.341 0.668 0.188 0.094 0.659 1.269 0.350 0.187
  (64, 128, 32, 4, 8): 1.604  0.133 0.210 0.061 0.033 0.194 0.358 0.126 0.052 0.339 0.658 0.204 0.106 0.645 1.264 0.340 0.186
  (128, 64, 32, 3, 4): 1.634  0.140 0.236 0.067 0.033 0.189 0.370 0.113 0.058 0.331 0.654 0.197 0.093 0.636 1.244 0.340 0.180
  (64, 64, 64, 3, 8): 1.672  0.130 0.197 0.069 0.030 0.185 0.365 0.118 0.050 0.355 0.680 0.196 0.114 0.679 1.334 0.348 0.192
rc=0 end 2026-09-27T23:25:58+04:00
