TLC2 Version 2.19 of 08 August 2024 (rev: 5a47802)
Running breadth-first search Model-Checking with fp 16 and seed -1179788901323488532 with 4 workers on 16 cores with 1820MB heap and 64MB offheap memory [pid: 1027280] (Linux 6.6.87.2-microsoft-standard-WSL2 amd64, Ubuntu 25.0.4.1 x86_64, MSBDiskFPSet, DiskStateQueue).
Parsing file /home/lucas/ai/FreeToken-wt/tla/specs/tla/Admission.tla
Parsing file /home/lucas/ai/FreeToken-wt/tla/specs/tla/results/java-tmp/Naturals.tla
Parsing file /home/lucas/ai/FreeToken-wt/tla/specs/tla/results/java-tmp/Integers.tla
Parsing file /home/lucas/ai/FreeToken-wt/tla/specs/tla/results/java-tmp/Sequences.tla
Parsing file /home/lucas/ai/FreeToken-wt/tla/specs/tla/results/java-tmp/FiniteSets.tla
Parsing file /home/lucas/ai/FreeToken-wt/tla/specs/tla/results/java-tmp/TLC.tla
Semantic processing of module Naturals
Semantic processing of module Integers
Semantic processing of module Sequences
Semantic processing of module FiniteSets
Semantic processing of module TLC
Semantic processing of module Admission
Starting... (2026-10-03 11:12:22)
Implied-temporal checking--satisfiability problem has 3 branches.
Computing initial states...
Computed 2 initial states...
Computed 4 initial states...
Computed 8 initial states...
Computed 16 initial states...
Computed 32 initial states...
Computed 64 initial states...
Computed 128 initial states...
Computed 256 initial states...
Computed 512 initial states...
Computed 1024 initial states...
Computed 2048 initial states...
Computed 4096 initial states...
Computed 8192 initial states...
Computed 16384 initial states...
Computed 32768 initial states...
Computed 65536 initial states...
Finished computing initial states: 73728 distinct states generated at 2026-10-03 11:12:23.
Progress(3) at 2026-10-03 11:12:26: 361,500 states generated (361,500 s/min), 209,498 distinct states found (209,498 ds/min), 126,114 states left on queue.
Progress(18) at 2026-10-03 11:13:18: 3,237,004 states generated, 947,937 distinct states found, 0 states left on queue.
Checking 3 branches of temporal properties for the complete state space with 2843811 total distinct states at (2026-10-03 11:13:18)
Finished checking temporal properties in 53s at 2026-10-03 11:14:11
Model checking completed. No error has been found.
  Estimates of the probability that TLC did not check all reachable states
  because two distinct states had the same fingerprint:
  calculated (optimistic):  val = 1.2E-7
  based on the actual fingerprints:  val = 7.3E-8
3237004 states generated, 947937 distinct states found, 0 states left on queue.
The depth of the complete state graph search is 18.
The average outdegree of the complete state graph is 1 (minimum is 0, the maximum 4 and the 95th percentile is 2).
Finished in 01min 48s at (2026-10-03 11:14:11)
