TLC2 Version 2.19 of 08 August 2024 (rev: 5a47802)
Running breadth-first search Model-Checking with fp 116 and seed -5693739202468002042 with 4 workers on 16 cores with 1820MB heap and 64MB offheap memory [pid: 403498] (Linux 6.6.87.2-microsoft-standard-WSL2 amd64, Ubuntu 25.0.4.1 x86_64, MSBDiskFPSet, DiskStateQueue).
Parsing file /home/lucas/ai/FreeToken-wt/tla/specs/tla/Admission.tla
Parsing file /home/lucas/ai/FreeToken-wt/tla/specs/tla/results/java-tmp/Naturals.tla
Parsing file /home/lucas/ai/FreeToken-wt/tla/specs/tla/results/java-tmp/Integers.tla
Parsing file /home/lucas/ai/FreeToken-wt/tla/specs/tla/results/java-tmp/Sequences.tla
Parsing file /home/lucas/ai/FreeToken-wt/tla/specs/tla/results/java-tmp/FiniteSets.tla
Parsing file /home/lucas/ai/FreeToken-wt/tla/specs/tla/results/java-tmp/TLC.tla
Semantic processing of module Naturals
Semantic processing of module Integers
Semantic processing of module Sequences
Semantic processing of module FiniteSets
Semantic processing of module TLC
Semantic processing of module Admission
Starting... (2026-10-03 10:35:54)
Implied-temporal checking--satisfiability problem has 1 branches.
Computing initial states...
Computed 2 initial states...
Computed 4 initial states...
Computed 8 initial states...
Computed 16 initial states...
Computed 32 initial states...
Computed 64 initial states...
Computed 128 initial states...
Computed 256 initial states...
Computed 512 initial states...
Computed 1024 initial states...
Computed 2048 initial states...
Computed 4096 initial states...
Computed 8192 initial states...
Computed 16384 initial states...
Computed 32768 initial states...
Computed 65536 initial states...
Computed 131072 initial states...
Computed 262144 initial states...
Finished computing initial states: 294912 distinct states generated at 2026-10-03 10:35:56.
Progress(2) at 2026-10-03 10:35:59: 944,102 states generated (944,102 s/min), 619,503 distinct states found (619,503 ds/min), 424,780 states left on queue.
Progress(4) at 2026-10-03 10:36:59: 4,804,908 states generated (3,860,806 s/min), 2,120,803 distinct states found (1,501,300 ds/min), 885,075 states left on queue.
Progress(9) at 2026-10-03 10:37:59: 12,603,140 states generated (7,798,232 s/min), 3,970,423 distinct states found (1,849,620 ds/min), 235,163 states left on queue.
Progress(22) at 2026-10-03 10:38:23: 15,782,935 states generated, 4,809,860 distinct states found, 0 states left on queue.
Checking temporal properties for the complete state space with 4809860 total distinct states at (2026-10-03 10:38:23)
Finished checking temporal properties in 11min 37s at 2026-10-03 10:50:00
Model checking completed. No error has been found.
  Estimates of the probability that TLC did not check all reachable states
  because two distinct states had the same fingerprint:
  calculated (optimistic):  val = 2.9E-6
  based on the actual fingerprints:  val = 1.1E-6
15782935 states generated, 4809860 distinct states found, 0 states left on queue.
The depth of the complete state graph search is 22.
The average outdegree of the complete state graph is 1 (minimum is 0, the maximum 4 and the 95th percentile is 2).
Finished in 14min 05s at (2026-10-03 10:50:00)
