TLC2 Version 2.19 of 08 August 2024 (rev: 5a47802)
Running breadth-first search Model-Checking with fp 48 and seed -5479723324854952609 with 4 workers on 16 cores with 1820MB heap and 64MB offheap memory [pid: 243236] (Linux 6.6.87.2-microsoft-standard-WSL2 amd64, Ubuntu 25.0.4.1 x86_64, MSBDiskFPSet, DiskStateQueue).
Parsing file /home/lucas/ai/FreeToken-wt/tla/specs/tla/Admission.tla
Parsing file /home/lucas/ai/FreeToken-wt/tla/specs/tla/results/java-tmp/Naturals.tla
Parsing file /home/lucas/ai/FreeToken-wt/tla/specs/tla/results/java-tmp/Integers.tla
Parsing file /home/lucas/ai/FreeToken-wt/tla/specs/tla/results/java-tmp/Sequences.tla
Parsing file /home/lucas/ai/FreeToken-wt/tla/specs/tla/results/java-tmp/FiniteSets.tla
Parsing file /home/lucas/ai/FreeToken-wt/tla/specs/tla/results/java-tmp/TLC.tla
Semantic processing of module Naturals
Semantic processing of module Integers
Semantic processing of module Sequences
Semantic processing of module FiniteSets
Semantic processing of module TLC
Semantic processing of module Admission
Starting... (2026-10-03 10:24:15)
Implied-temporal checking--satisfiability problem has 4 branches.
Computing initial states...
Computed 2 initial states...
Computed 4 initial states...
Computed 8 initial states...
Computed 16 initial states...
Computed 32 initial states...
Computed 64 initial states...
Computed 128 initial states...
Computed 256 initial states...
Computed 512 initial states...
Computed 1024 initial states...
Computed 2048 initial states...
Computed 4096 initial states...
Computed 8192 initial states...
Computed 16384 initial states...
Computed 32768 initial states...
Computed 65536 initial states...
Computed 131072 initial states...
Computed 262144 initial states...
Finished computing initial states: 294912 distinct states generated at 2026-10-03 10:24:17.
Progress(2) at 2026-10-03 10:24:20: 563,117 states generated (563,117 s/min), 428,959 distinct states found (428,959 ds/min), 348,561 states left on queue.
Progress(4) at 2026-10-03 10:25:20: 3,446,279 states generated (2,883,162 s/min), 1,660,244 distinct states found (1,231,285 ds/min), 794,796 states left on queue.
Progress(4) at 2026-10-03 10:26:20: 5,714,989 states generated (2,268,710 s/min), 2,452,633 distinct states found (792,389 ds/min), 955,140 states left on queue.
Progress(5) at 2026-10-03 10:27:20: 8,463,582 states generated (2,748,593 s/min), 3,059,893 distinct states found (607,260 ds/min), 688,852 states left on queue.
Progress(8) at 2026-10-03 10:28:20: 11,672,499 states generated (3,208,917 s/min), 3,688,081 distinct states found (628,188 ds/min), 237,203 states left on queue.
Progress(13) at 2026-10-03 10:29:20: 14,726,599 states generated (3,054,100 s/min), 4,534,960 distinct states found (846,879 ds/min), 105,372 states left on queue.
Progress(22) at 2026-10-03 10:29:38: 15,782,935 states generated, 4,809,860 distinct states found, 0 states left on queue.
Checking 4 branches of temporal properties for the complete state space with 19239440 total distinct states at (2026-10-03 10:29:38)
Warning: Liveness checking will be extremely slow because TLC is running low on memory.
Try allocating more memory to the Java pool (heap) in future TLC runs.
(Use the -nowarning option to disable this warning.)
Warning: Liveness checking will be extremely slow because TLC is running low on memory.
Try allocating more memory to the Java pool (heap) in future TLC runs.
