TLC2 Version 2.19 of 08 August 2024 (rev: 5a47802)
Running breadth-first search Model-Checking with fp 61 and seed 91933708901271633 with 4 workers on 16 cores with 1820MB heap and 64MB offheap memory [pid: 1066302] (Linux 6.6.87.2-microsoft-standard-WSL2 amd64, Ubuntu 25.0.4.1 x86_64, MSBDiskFPSet, DiskStateQueue).
Parsing file /home/lucas/ai/FreeToken-wt/tla/specs/tla/Admission.tla
Parsing file /home/lucas/ai/FreeToken-wt/tla/specs/tla/results/java-tmp/Naturals.tla
Parsing file /home/lucas/ai/FreeToken-wt/tla/specs/tla/results/java-tmp/Integers.tla
Parsing file /home/lucas/ai/FreeToken-wt/tla/specs/tla/results/java-tmp/Sequences.tla
Parsing file /home/lucas/ai/FreeToken-wt/tla/specs/tla/results/java-tmp/FiniteSets.tla
Parsing file /home/lucas/ai/FreeToken-wt/tla/specs/tla/results/java-tmp/TLC.tla
Semantic processing of module Naturals
Semantic processing of module Integers
Semantic processing of module Sequences
Semantic processing of module FiniteSets
Semantic processing of module TLC
Semantic processing of module Admission
Starting... (2026-10-03 11:14:12)
Implied-temporal checking--satisfiability problem has 1 branches.
Computing initial states...
Computed 2 initial states...
Computed 4 initial states...
Computed 8 initial states...
Computed 16 initial states...
Computed 32 initial states...
Computed 64 initial states...
Computed 128 initial states...
Computed 256 initial states...
Computed 512 initial states...
Computed 1024 initial states...
Computed 2048 initial states...
Computed 4096 initial states...
Computed 8192 initial states...
Computed 16384 initial states...
Computed 32768 initial states...
Computed 65536 initial states...
Computed 131072 initial states...
Computed 262144 initial states...
Finished computing initial states: 294912 distinct states generated at 2026-10-03 11:14:13.
Progress(2) at 2026-10-03 11:14:16: 944,023 states generated (944,023 s/min), 619,468 distinct states found (619,468 ds/min), 424,766 states left on queue.
Progress(4) at 2026-10-03 11:15:17: 4,743,537 states generated (3,799,514 s/min), 1,936,031 distinct states found (1,316,563 ds/min), 750,107 states left on queue.
Progress(12) at 2026-10-03 11:16:18: 12,854,812 states generated (8,111,275 s/min), 3,800,430 distinct states found (1,864,399 ds/min), 74,287 states left on queue.
Progress(23) at 2026-10-03 11:16:23: 13,599,787 states generated, 3,993,047 distinct states found, 0 states left on queue.
Checking temporal properties for the complete state space with 3993047 total distinct states at (2026-10-03 11:16:23)
Finished checking temporal properties in 09min 03s at 2026-10-03 11:25:27
Model checking completed. No error has been found.
  Estimates of the probability that TLC did not check all reachable states
  because two distinct states had the same fingerprint:
  calculated (optimistic):  val = 2.1E-6
  based on the actual fingerprints:  val = 9.5E-6
13599787 states generated, 3993047 distinct states found, 0 states left on queue.
The depth of the complete state graph search is 23.
The average outdegree of the complete state graph is 1 (minimum is 0, the maximum 4 and the 95th percentile is 2).
Finished in 11min 15s at (2026-10-03 11:25:27)
