TLC2 Version 2.19 of 08 August 2024 (rev: 5a47802)
Running breadth-first search Model-Checking with fp 29 and seed 5690275943703072710 with 4 workers on 16 cores with 1820MB heap and 64MB offheap memory [pid: 201749] (Linux 6.6.87.2-microsoft-standard-WSL2 amd64, Ubuntu 25.0.4.1 x86_64, MSBDiskFPSet, DiskStateQueue).
Parsing file /home/lucas/ai/FreeToken-wt/tla/specs/tla/Admission.tla
Parsing file /home/lucas/ai/FreeToken-wt/tla/specs/tla/results/java-tmp/Naturals.tla
Parsing file /home/lucas/ai/FreeToken-wt/tla/specs/tla/results/java-tmp/Integers.tla
Parsing file /home/lucas/ai/FreeToken-wt/tla/specs/tla/results/java-tmp/Sequences.tla
Parsing file /home/lucas/ai/FreeToken-wt/tla/specs/tla/results/java-tmp/FiniteSets.tla
Parsing file /home/lucas/ai/FreeToken-wt/tla/specs/tla/results/java-tmp/TLC.tla
Semantic processing of module Naturals
Semantic processing of module Integers
Semantic processing of module Sequences
Semantic processing of module FiniteSets
Semantic processing of module TLC
Semantic processing of module Admission
Starting... (2026-10-03 10:22:06)
Implied-temporal checking--satisfiability problem has 2 branches.
Computing initial states...
Finished computing initial states: 1 distinct state generated at 2026-10-03 10:22:07.
Progress(9) at 2026-10-03 10:22:07: 38 states generated, 17 distinct states found, 0 states left on queue.
Checking 2 branches of temporal properties for the complete state space with 34 total distinct states at (2026-10-03 10:22:07)
Error: Temporal properties were violated.

Error: The following behavior constitutes a counter-example:

State 1: <Initial predicate>
/\ done = {}
/\ cold = <<FALSE, FALSE>>
/\ matched = <<2, 0>>
/\ freePages = 2
/\ branch = <<<<"history", 0>>, <<"history", 0>>>>
/\ running = 0
/\ pins = 0
/\ kind = <<"continue", "diverge">>
/\ runPages = 0
/\ releasedAhead = FALSE
/\ handle = <<"gpu", "gpu">>
/\ demand = <<4, 3>>
/\ queue = <<>>
/\ size = <<1, 2>>
/\ arrived = {}
/\ automatic = <<TRUE, FALSE>>
/\ locks = {<<"lease", 1>>, <<"lease", 2>>}
/\ restoreDue = {}
/\ freeSlots = 2
/\ admitted = {}
/\ owner = <<0, 0>>

State 2: <Arrive line 89, col 2 to line 96, col 63 of module Admission>
/\ done = {}
/\ cold = <<FALSE, FALSE>>
/\ matched = <<2, 0>>
/\ freePages = 2
/\ branch = <<<<"history", 0>>, <<"history", 0>>>>
/\ running = 0
/\ pins = 0
/\ kind = <<"continue", "diverge">>
/\ runPages = 0
/\ releasedAhead = FALSE
/\ handle = <<"gpu", "gpu">>
/\ demand = <<4, 3>>
/\ queue = <<1>>
/\ size = <<1, 2>>
/\ arrived = {1}
/\ automatic = <<TRUE, FALSE>>
/\ locks = {<<"lease", 1>>, <<"lease", 2>>}
/\ restoreDue = {1}
/\ freeSlots = 2
/\ admitted = {}
/\ owner = <<1, 0>>

State 3: <Arrive line 89, col 2 to line 96, col 63 of module Admission>
/\ done = {}
/\ cold = <<FALSE, FALSE>>
/\ matched = <<2, 0>>
/\ freePages = 2
/\ branch = <<<<"history", 0>>, <<"history", 0>>>>
/\ running = 0
/\ pins = 0
/\ kind = <<"continue", "diverge">>
/\ runPages = 0
/\ releasedAhead = FALSE
/\ handle = <<"gpu", "gpu">>
/\ demand = <<4, 3>>
/\ queue = <<1, 2>>
/\ size = <<1, 2>>
/\ arrived = {1, 2}
/\ automatic = <<TRUE, FALSE>>
/\ locks = {<<"lease", 1>>, <<"lease", 2>>}
/\ restoreDue = {1, 2}
/\ freeSlots = 2
/\ admitted = {}
/\ owner = <<1, 2>>

State 4: Stuttering
Finished checking temporal properties in 00s at 2026-10-03 10:22:07
38 states generated, 17 distinct states found, 0 states left on queue.
Finished in 00s at (2026-10-03 10:22:07)
