TLC2 Version 2.19 of 08 August 2024 (rev: 5a47802)
Running breadth-first search Model-Checking with fp 105 and seed -6020654851236403965 with 4 workers on 16 cores with 1820MB heap and 64MB offheap memory [pid: 731933] (Linux 6.6.87.2-microsoft-standard-WSL2 amd64, Ubuntu 25.0.4.1 x86_64, MSBDiskFPSet, DiskStateQueue).
Parsing file /home/lucas/ai/FreeToken-wt/tla/specs/tla/Admission.tla
Parsing file /home/lucas/ai/FreeToken-wt/tla/specs/tla/results/java-tmp/Naturals.tla
Parsing file /home/lucas/ai/FreeToken-wt/tla/specs/tla/results/java-tmp/Integers.tla
Parsing file /home/lucas/ai/FreeToken-wt/tla/specs/tla/results/java-tmp/Sequences.tla
Parsing file /home/lucas/ai/FreeToken-wt/tla/specs/tla/results/java-tmp/FiniteSets.tla
Parsing file /home/lucas/ai/FreeToken-wt/tla/specs/tla/results/java-tmp/TLC.tla
Semantic processing of module Naturals
Semantic processing of module Integers
Semantic processing of module Sequences
Semantic processing of module FiniteSets
Semantic processing of module TLC
Semantic processing of module Admission
Starting... (2026-10-03 10:52:27)
Implied-temporal checking--satisfiability problem has 1 branches.
Computing initial states...
Computed 2 initial states...
Computed 4 initial states...
Computed 8 initial states...
Computed 16 initial states...
Computed 32 initial states...
Computed 64 initial states...
Computed 128 initial states...
Computed 256 initial states...
Computed 512 initial states...
Computed 1024 initial states...
Computed 2048 initial states...
Computed 4096 initial states...
Computed 8192 initial states...
Computed 16384 initial states...
Computed 32768 initial states...
Computed 65536 initial states...
Computed 131072 initial states...
Finished computing initial states: 221184 distinct states generated at 2026-10-03 10:52:29.
Progress(2) at 2026-10-03 10:52:32: 854,204 states generated (854,204 s/min), 537,406 distinct states found (537,406 ds/min), 379,308 states left on queue.
Progress(4) at 2026-10-03 10:53:32: 5,527,691 states generated (4,673,487 s/min), 2,055,093 distinct states found (1,517,687 ds/min), 943,871 states left on queue.
Progress(6) at 2026-10-03 10:54:32: 12,832,312 states generated (7,304,621 s/min), 4,025,361 distinct states found (1,970,268 ds/min), 1,408,536 states left on queue.
Progress(7) at 2026-10-03 10:55:32: 20,746,412 states generated (7,914,100 s/min), 5,569,488 distinct states found (1,544,127 ds/min), 1,158,200 states left on queue.
Progress(9) at 2026-10-03 10:56:32: 28,948,097 states generated (8,201,685 s/min), 7,303,701 distinct states found (1,734,213 ds/min), 1,008,663 states left on queue.
