D 0
D 0
D 0
D 66
D 66
D 66
D 66
D 66
D 66
D 66
D 66
D 66
66
66
66
66
66
66
66
66
66
66
66
66
66
66
66
66
66
66
66
105
159
225
281
329
387
453
502
539
583
616
658
698
722
771
810
834
874
915
937
944
964
991
1001
1026
1035
1045
1050
1085
1117
1150
1171
1196
1247
1300
1326
1337
1371
1395
1427
1446
1459
1488
1514
1547
1580
1605
1621
1648
1672
1686
1703
1724
1739
1755
1777
1798
1840
1860
1867
1876
1880
1898
1926
1942
1970
1998
2007
2018
2030
2046
2053
2059
2067
2074
2094
2105
2131
2138
2151
2161
2173
2193
2203
2223
2261
2268
2272
2285
2292
2303
2318
2320
2320
2320
2320
2320
2320
2320
2320
2320
2320
2320
2320
2320
2320
2320
2320
2320
2320
2320
2320
2320
2320
2320
2320
2320
2320
2320
2320
2320
2320
2320
2322
2325
2334
2346
2351
2355
2359
2366
2377
2384
2393
2394
2399
2411
2419
2423
2427
2436
2450
2464
2471
2473
2478
2510
2517
2523
2528
2531
2534
2534
2534
2536
2555
2588
2601
2622
2647
2655
2665
2672
2676
2684
2697
2709
2727
2783
2794
2801
2805
2809
2813
2816
2824
2832
2838
2843
2853
2865
2881
2885
2892
2908
2918
2940
2953
2965
2971
2980
2982
2992
3001
3010
3010
3010
3010
3040
3062
3086
3126
3149
3173
3198
3212
3241
3245
3291
3337
3363
3385
3411
3431
3450
3506
3519
3525
3532
3555
3574
3580
3601
3622
3647
3654
3689
3714
3735
3773
3799
3805
3827
3850
3856
3887
3910
3910
3910
3910
3920
3927
3961
3978
3991
4007
4014
4035
4051
4069
4078
4086
4095
4099
4101
4110
4125
4135
4148
4168
4178
4181
4188
4193
4197
4197
4203
4223
4243
4250
4257
4263
4269
4279
4287
4304
4309
4322
4331
4341
4355
4366
4403
4409
4432
4439
4444
4465
4470
4476
4490
4499
4511
4526
4528
4537
4538
4539
4546
4555
4559
4564
4564
4564
4564
4566
4572
4591
4612
4638
4647
4657
4663
4667
4669
4673
4680
4686
4689
4695
4703
4717
4724
4727
4736
4738
4747
4750
4764
4772
4775
4775
4781
4785
4787
4795
4796
4800
4806
4812
4822
4824
4835
4838
4841
4848
4850
4856
4857
4865
4866
4870
4870
4870
4874
4875
4876
4879
4886
4887
4887
4887
4889
4892
4893
4893
4894
4894
4894
4894
4894
4894
4894
4903
4903
4904
4904
4904
4904
4904
4906
4906
4915
4924
4945
4954
4957
4961
4992
5005
5013
5016
5020
5022
5028
5030
5038
5041
5076
5106
5122
5130
5143
5169
5172
5184
5195
5204
5204
5226
5245
5251
5258
5258
5262
5269
5274
5294
5342
5361
5376
5387
5433
5455
5499
5520
5545
5565
5580
5605
5627
5651
5656
5688
5700
5766
5786
5807
5817
5871
5925
5979
6022
6076
6100
6138
6170
6198
6198
6201
6215
6231
6244
6253
6262
6271
6274
6275
6280
6293
6300
6311
6316
6343
6393
6429
6476
6525
6539
6550
6553
6559
6579
6594
6612
6635
6659
6666
6670
6686
6692
6693
6715
6734
6752
6758
6794
6819
6832
6848
6869
6873
6874
6874
6874
6874
6874
6874
6874
6874
6874
6874
6874
6874
6874
6874
6874
6874
6874
6874
6874
6874
6874
6874
6874
6874
6874
6874
6874
6874
6874
6874
6876
6884
6896
D 6915
6915
6915
6915
6915
6915
6915
6915
6915
6915
6918
6984
7034
7062
7098
7152
7186
7206
7245
7311
7367
7400
7413
7441
7466
7484
7492
7498
7498
7498
7513
7526
7547
7560
7574
7588
7644
7655
7659
7668
7686
7707
7707
7728
7741
7744
7752
7759
7777
7783
7801
7837
7892
7958
8012
8075
8129
8190
8256
8303
8330
8379
8425
8450
8491
8551
8597
8624
8641
8689
8726
8736
8763
8801
8827
8873
8916
8949
8969
9012
9044
9094
9159
9205
9235
9286
9326
9358
9378
9381
9386
9400
9417
9448
9467
9495
9522
9557
9593
9630
9664
9671
9702
9744
9756
9774
9812
9844
9875
9908
9917
9930
9946
9960
9969
9990
10000
10013
10017
10028
10046
10060
10121
10140
10171
10196
10242
10276
10325
10329
10334
10360
10386
10391
10396
10400
10421
10435
10449
10466
10486
10491
10496
10514
10526
10527
10544
10566
10570
10600
10627
10667
10733
10799
10865
10931
10968
11014
11080
11146
11187
11212
11241
11272
11289
11297
11310
11315
11336
11358
11404
11449
11459
11481
11482
11488
11503
11506
11521
11538
11564
11584
11602
11613
11653
11684
11712
11721
11757
11818
11863
11899
11935
11961
11975
11993
12027
12043
12081
12135
12157
12183
12199
12244
12298
12351
12382
12416
12474
12504
12525
12542
12551
12553
12559
12571
12621
12658
12665
12677
12678
12689
12746
12782
12816
12854
12876
12918
12947
12972
12990
13003
13016
13036
13046
13051
13068
13081
13098
13122
13134
13140
13152
13166
13180
13184
13192
13194
13196
13220
13276
13300
13311
13334
13348
13358
13371
13412
13426
13429
13438
13471
13510
13525
13548
13577
13610
13641
13659
13683
13704
13747
13769
13795
13812
13833
13862
13871
13915
13972
13989
14008
14044
14074
14093
14114
14130
14149
14174
14191
14216
14269
14310
14345
14363
14399
14427
14428
14467
14479
14523
14549
14571
14595
14630
14667
14710
14724
14732
14746
14766
14771
14795
14825
14866
14903
14940
14992
15009
15024
15090
15148
15178
15218
15235
15264
15280
15293
15354
15382
15424
15439
15472
15494
15503
15529
15543
15576
15595
15621
15649
15690
15721
15762
15793
15819
15827
15833
15835
15835
15843
15874
15917
15922
15939
15964
16001
16054
16095
16102
16115
16150
16198
16262
16316
16343
16365
16389
16431
16473
16500
16508
16530
16560
16597
16658
16687
16708
16737
16771
16797
16827
16864
16904
16922
16941
16978
17005
17042
17071
17098
17129
17147
17177
17242
17259
17268
17299
17336
17357
17372
17377
17390
17417
17456
17473
17486
17506
17541
17555
17555
17586
17606
17630
17651
17667
17674
17690
17713
17729
17763
17803
17857
17900
17928
17956
18002
18021
18033
18039
18054
18086
18113
18147
18158
18217
18233
18233
18253
18265
18274
18279
18279
18286
18296
18313
18334
18341
18355
18371
18377
18413
18434
18435
18468
18501
18515
18536
18539
18544
18546
18558
18588
18600
18627
18638
18671
18699
18719
18770
18836
18868
18920
18942
18959
18966
18995
19021
19038
19051
19076
19078
19080
19081
19101
19111
19112
19120
19137
19143
19152
19171
19187
19200
19218
19237
19264
19314
19323
19384
19400
19424
19437
19459
19484
19532
19578
19612
19668
19698
19723
19742
19774
19798
19841
19852
19871
19880
19914
19946
19986
20002
20015
20038
20077
20139
20186
20208
20246
20283
20293
20319
20364
20385
20398
20410
20415
20430
20460
20481
20507
20514
20553
20576
20578
20599
20611
20634
20653
20686
20694
20731
20761
20775
20791
20808
20823
20845
20881
20893
20902
20925
20950
20969
20987
21019
21055
21070
21079
21099
21108
21119
21145
21152
21158
21158
21161
21174
21194
21218
21237
21253
21301
21341
21363
21373
21396
21431
21467
21486
21514
21554
21573
21608
21625
21655
21696
21719
21729
21781
21807
21830
21842
21846
21865
21892
21949
21973
21985
22005
22034
22059
22074
22094
22143
22172
22208
22229
22277
22301
22318
22329
22366
22375
22405
22459
22478
22501
22510
22528
22549
22582
22604
22612
22614
22614
22646
22663
22697
22700
22712
22743
22753
22772
22793
22840
22883
22914
22921
22932
22943
22952
22972
22978
22985
22995
23032
23046
23077
23098
23115
23120
23132
23152
23194
23240
23300
23342
23382
23428
23452
23467
23490
23495
23513
23517
23529
23547
23585
23623
23666
23686
23695
23724
23741
23741
23752
23757
23772
23838
23855
23872
23914
23936
23975
24018
24084
24114
24128
24137
24144
24156
24199
24246
24271
24305
24328
24345
24411
24467
24499
24513
24541
24585
24620
24646
24667
24681
24708
24737
24760
24778
24785
24794
24807
24825
24862
24897
24929
24961
24976
24992
25012
25030
25053
25085
25116
25126
25167
25204
25224
25237
25257
25285
25306
25335
25358
25396
25419
25449
25472
25494
25514
25540
25552
25565
25582
25591
25593
25595
25598
25606
25613
25616
25624
25647
25682
25713
25751
25781
25804
25808
25836
25870
25899
25921
25944
25963
25974
25998
26026
26044
26094
26129
26176
26202
26240
26260
26273
26324
26347
26369
26386
26399
26412
26429
26445
26468
26468
26474
26485
26508
26526
26535
26540
26547
26561
26583
26606
26627
26643
26661
26685
26690
26708
26761
26783
26818
26858
26880
26895
26897
26901
26924
26944
26974
27015
27039
27066
27099
27130
27155
27203
27242
27279
27301
27332
27348
27388
27418
27463
27488
27522
27583
27620
27627
27642
27660
27678
27726
27744
27763
27790
27791
27804
27814
27831
27860
27884
27898
27914
27931
27941
27961
27968
28001
28008
28023
28031
28044
28075
28109
28143
28173
28199
28228
28229
28246
28291
28319
28330
28342
28378
28397
28400
28434
28445
28474
28487
28515
28543
28609
28648
28667
28675
28690
28703
28720
28738
28760
28779
28806
28816
28823
28845
28864
28877
28895
28921
28941
28954
28965
28987
29005
29020
29029
29040
29063
29073
29083
29085
29103
29126
29148
29171
D 29214
29214
29214
29214
29214
29214
29214
29214
29215
29216
29216
29217
29217
29217
29217
29219
29219
29219
29219
29219
29219
29219
29226
29226
29226
29226
29226
29226
29263
29298
29336
29368
29420
29448
29490
29529
29561
29593
29602
29626
29626
29626
29626
29626
29636
29679
29694
29696
29696
29720
29720
29726
29735
29779
29835
29862
29891
29926
29963
29988
29988
30000
30013
30036
30052
30079
30086
30111
30134
30137
30138
30138
30165
30193
30207
30210
30224
30232
30241
30250
30256
30260
30278
30300
30311
30317
30332
30342
30356
30356
30372
30399
30405
30428
30435
30435
30435
30447
30461
30475
30485
30496
30512
30520
30526
30537
30553
30564
30581
30607
30630
30635
30639
30653
30665
30685
30689
30717
30751
30761
30770
30789
30797
30808
30808
30808
30810
30830
D 30854
D 30854
D 30854
D 30854
30854
30854
30854
30854
30854
30854
30854
30854
30854
30855
30855
30855
30855
30855
30855
30855
30855
30866
30875
30886
30905
30909
30925
30945
30951
30961
30990
31000
31006
31010
31020
31021
31024
31025
31034
31044
31080
31092
31092
31092
31094
31099
31118
31128
31132
31147
31153
31154
31154
31165
31168
31169
31172
31182
31184
31191
31198
31201
31215
31227
31239
31258
31262
31270
31282
31294
31298
31315
31330
31345
31375
31384
31397
31413
31424
31429
31441
31451
31462
31468
31477
31487
31492
31493
31496
31509
31517
31521
31522
31527
31537
31538
31555
31566
31571
31580
31585
31602
31609
31612
31622
31627
31629
31639
31651
31671
31678
31685
31704
31717
31730
31739
31748
31757
31758
31762
31773
31778
31785
31787
31790
31799
31799
31807
31810
31812
31819
D 31831
D 31831
D 31831
D 31831
D 31831
D 31831
D 31831
D 31831
D 31831
D 31831
D 31831
31831
31831
31831
31831
31831
31831
31831
31831
31831
31831
31831
31831
31831
31842
31866
31878
31894
31912
31923
31930
31934
31952
31969
31994
32022
32037
32051
32068
32075
32077
32085
32097
32106
32113
32124
32129
32147
32154
32163
32177
32178
32183
32188
32191
32196
32206
32213
32217
32225
32232
32238
32243
32249
32261
32270
32279
32280
32300
32306
32321
32327
32329
32334
32344
32353
32362
32401
32413
32425
32436
32436
32438
32442
32448
32453
32454
32454
32455
32456
32456
32458
32466
32474
32482
32487
32487
32489
32495
32499
32504
32513
32518
32530
32540
32546
32554
32560
32560
32562
32562
32569
32571
32591
32594
32602
32604
32605
32606
32606
32626
32634
32641
32671
32685
32701
32711
32717
32722
32729
32745
32753
32770
32773
32776
32782
32786
32798
D 32800
D 32800
D 32800
D 32800
D 32800
D 32800
D 32800
D 32800
D 32800
D 32800
D 32800
D 32800
D 32800
D 32800
D 32800
D 32800
D 32800
32800
32800
32800
32800
32800
32800
32800
32800
32800
32800
32800
32800
32800
32800
32800
32800
32800
32800
32800
32800
32800
32800
32800
32800
32800
32800
32800
32800
32800
32800
32800
32800
32800
32800
32800
32823
32837
32841
32852
32862
32873
32880
32889
32896
32912
32923
32932
32945
32949
32963
32974
32980
32991
33001
33004
33026
33035
33054
33061
33066
33068
33071
33073
33076
33080
33084
33092
33098
33103
33111
33117
33118
33119
33121
33121
33125
33133
33140
33145
33154
33158
33173
33180
33190
33192
33194
33207
33211
33213
33219
33224
33226
33247
33278
33290
33292
33297
33300
33327
33351
33379
33396
33400
33400
33400
33400
33400
33400
33404
33409
33409
33413
33415
33420
33443
33448
33450
33453
33455
33463
33467
33473
33473
33477
33479
33488
33499
D 33509
33509
33509
33509
33509
33509
33509
33509
33509
33509
33509
33509
33509
33509
33509
33509
33509
33509
33509
33509
33509
33509
33509
33509
33509
33509
33509
33509
33509
33509
33509
33509
33509
33509
33509
33509
33509
33509
33509
33509
33509
33509
33509
33509
33509
33509
33509
33509
33509
33509
33509
33509
33509
33509
33509
33509
33509
33509
33509
33509
33509
33509
33509
33509
33509
33509
33509
33509
33509
33509
33509
33509
33509
33509
33509
33509
33509
33509
33509
33509
33509
33509
33509
33509
33509
33509
33509
33509
33509
33509
33509
33509
33509
33509
33509
33509
33509
33509
33509
33509
33509
33509
33509
33509
33509
33509
33509
33509
33509
33509
33510
33510
33510
33510
33510
33510
33510
33510
33510
33510
33510
33510
33510
33510
33510
33510
33510
33510
D 33510
D 33510
D 33510
D 33510
33510
33510
33510
33510
33510
33510
33510
33510
33510
33510
33510
33510
33510
33510
33510
33510
33510
33510
33510
33510
33510
33510
33510
33510
33510
33510
33510
33510
33510
33510
33510
33510
33510
33510
33510
33510
33510
33510
33510
33510
33510
33510
33510
33510
33510
33510
33510
33510
33510
33510
33510
33510
33510
33510
33510
33510
33510
33510
33510
33510
33510
33510
33510
33510
33510
33510
33510
33510
33510
33510
33510
33510
33510
33510
33510
33510
33510
33510
33510
33510
33510
33510
33510
33510
33510
33510
33510
33510
33510
33510
33510
33510
33510
33510
33510
33510
33510
33510
33510
33510
33510
33510
33510
33510
33510
33510
33510
33510
33510
33510
33510
33510
33510
33510
33510
33510
33510
33510
33510
33510
33510
33510
33510
33511
33516
33545
33547
D 33548
D 33548
D 33548
D 33548
D 33548
D 33548
D 33548
D 33548
D 33548
D 33548
D 33548
33548
33548
33548
33548
33548
33548
33548
33548
33548
33548
33548
33548
33548
33548
33548
33548
33548
33548
33548
33548
33548
33548
33549
33553
33559
33568
33575
33577
33580
33584
33587
33592
33616
33628
33632
33633
33637
33640
33642
33646
33650
33653
33659
33665
33670
33671
33682
33683
33684
33688
33690
33692
33696
33697
33707
33710
33711
33714
33716
33726
33738
33741
33743
33748
33748
33749
33754
33755
33757
33758
33760
33767
33767
33767
33767
33767
33767
33773
33784
33787
33787
33794
33795
33803
33808
33818
33822
33823
33824
33826
33829
33842
33847
33853
33859
33864
33864
33868
33872
33879
33882
33884
33889
33889
33892
33894
33898
33904
33908
33911
33916
33924
33928
33929
33936
33937
33944
33949
33951
33951
33956
33957
33958
33961
33963
33967
33983
D 33986
D 33986
D 33986
D 33986
D 33986
D 33986
D 33986
D 33986
D 33986
D 33986
D 33986
D 33986
D 33986
D 33986
D 33986
D 33986
D 33986
