D 0
D 0
D 0
D 187
D 187
D 187
D 187
D 187
D 187
D 187
D 187
D 187
187
187
187
187
187
187
187
187
187
187
187
187
187
187
187
187
187
187
218
300
358
436
496
544
604
677
736
773
818
853
899
939
964
1013
1054
1078
1121
1164
1187
1194
1215
1243
1253
1281
1292
1302
1307
1342
1375
1409
1430
1455
1507
1562
1589
1600
1634
1658
1691
1710
1724
1753
1780
1814
1850
1876
1893
1921
1945
1959
1977
2000
2015
2033
2056
2077
2120
2140
2147
2157
2161
2179
2208
2227
2255
2283
2292
2303
2317
2333
2340
2347
2355
2363
2384
2395
2420
2420
2420
2420
2420
2420
2420
2420
2420
2420
2420
2420
2420
2420
2420
2420
2420
2420
2420
2420
2420
2420
2420
2420
2420
2420
2420
2420
2420
2420
2420
2427
2439
2444
2450
2456
2462
2476
2484
2490
2491
2494
2499
2505
2513
2516
2517
2519
2537
2559
2566
2568
2572
2583
2597
2604
2616
2627
2630
2641
2653
2657
2658
2665
2672
2691
2698
2703
2718
2759
2767
2773
2777
2780
2784
2785
2785
2787
2812
2849
2860
2878
2905
2913
2923
2930
2934
2941
2953
2965
3002
3065
3066
3066
3066
3066
3066
3066
3066
3077
3082
3088
3095
3106
3123
3126
3134
3149
3159
3181
3193
3203
3207
3219
3222
3225
3237
3251
3266
3299
3299
3300
3318
3341
3366
3372
3393
3402
3408
3415
3425
3438
3510
3553
3572
3608
3655
3705
3781
3787
3791
3806
3825
3863
3863
3873
3901
3924
3934
3974
4001
4028
4070
4099
4109
4155
4173
4176
4188
4217
4217
4217
4221
4238
4247
4293
4313
4323
4342
4363
4376
4392
4418
4424
4429
4437
4442
4443
4448
4456
4460
4472
4488
4502
4508
4512
4517
4522
4530
4538
4557
4573
4580
4587
4594
4608
4616
4627
4642
4648
4662
4673
4682
4699
4710
4745
4745
4764
4770
4772
4780
4786
4792
4802
4808
4813
4824
4826
4830
4832
4834
4838
4845
4850
4858
4866
4870
4875
4883
4902
4916
4926
4948
4960
4969
4976
4976
4976
4977
4978
4981
4984
4985
4992
4995
4997
4998
4999
5001
5002
5002
5004
5004
5005
5005
5005
5005
5007
5026
5036
5040
5055
5058
5080
5082
5091
5091
5100
5111
5117
5123
5129
5137
5141
5150
5154
5158
5164
5164
5167
5179
5190
5203
5206
5206
5209
5218
5227
5238
5253
5256
5261
5275
5282
5304
5308
5317
5319
5326
5331
5332
5340
5344
5356
5356
5367
5376
5384
5392
5395
5396
5424
5436
5443
5446
5451
5452
5453
5455
5462
5464
5510
5535
5546
5559
5588
5608
5615
5623
5630
5661
5672
5696
5712
5718
5729
5732
5741
5746
5751
5762
5795
5819
5843
5855
5894
5929
5967
5977
5980
5993
6006
6036
6052
6086
6113
6148
6170
6249
6280
6291
6309
6368
6407
6484
6493
6529
6562
6616
6632
6670
6677
6682
6698
6707
6713
6721
6730
6740
6747
6748
6750
6762
6771
6781
6792
6809
6844
6903
6944
6975
6987
6996
7004
7004
7012
7032
7059
7089
7135
7145
7152
7158
7164
7177
7201
7225
7254
7290
7309
7354
7389
7415
7453
7482
7502
7502
7502
7502
7502
7504
7504
7504
7504
7512
7515
7519
7520
7522
7523
7531
7534
7538
7543
7552
7556
7557
7564
7568
7570
7572
7581
7581
7583
7588
7589
7590
7613
D 7696
7696
7696
7696
7696
7696
7696
7696
7696
7724
7820
7897
7952
7977
8011
8054
8089
8095
8121
8156
8188
8188
8188
8191
8218
8246
8277
8301
8306
8310
8326
8333
8334
8336
8353
8372
8425
8448
8484
8493
8510
8557
8568
8577
8596
8615
8636
8655
8680
8708
8728
8774
8846
8902
8959
9015
9053
9090
9127
9180
9255
9334
9379
9417
9476
9522
9557
9592
9597
9599
9677
9727
9773
9809
9855
9901
9949
10008
10073
10101
10140
10194
10213
10225
10248
10282
10331
10372
10404
10412
10425
10445
10460
10483
10506
10524
10560
10588
10636
10659
10673
10697
10712
10728
10731
10749
10797
10855
10905
10933
10954
10962
10981
11002
11008
11019
11044
11059
11065
11083
11107
11118
11165
11202
11228
11245
11299
11345
11391
11415
11442
11470
11509
11526
11530
11537
11556
11565
11588
11611
11622
11631
11636
11660
11666
11671
11678
11684
11690
11709
11727
11752
11789
11806
11860
11922
11987
12097
12182
12230
12293
12332
12377
12428
12450
12483
12525
12551
12570
12586
12621
12660
12663
12686
12705
12719
12754
12773
12793
12808
12825
12848
12895
12914
12941
12959
12995
13024
13074
13115
13127
13141
13168
13224
13248
13268
13291
13323
13356
13399
13424
13481
13500
13545
13578
13646
13677
13722
13781
13821
13837
13876
13899
13915
13953
13998
14035
14070
14103
14124
14143
14168
14204
14251
14281
14285
14288
14309
14313
14316
14318
14318
14325
14355
14385
14404
14420
14428
14445
14464
14475
14484
14510
14526
14553
14563
14592
14609
14639
14671
14716
14761
14796
14830
14854
14866
14882
14910
14931
14939
14949
14961
14994
15030
15065
15095
15108
15140
15152
15161
15172
15225
15242
15287
15303
15312
15342
15369
15400
15437
15448
15453
15462
15472
15477
15481
15496
15526
15530
15543
15562
15603
15631
15688
15721
15785
15798
15854
15908
15934
15961
16001
16051
16108
16132
16158
16200
16211
16238
16271
16296
16304
16337
16370
16412
16452
16475
16500
16545
16571
16644
16677
16713
16760
16767
16791
16809
16817
16832
16844
16873
16894
16926
16952
16965
16988
16999
17017
17028
17052
17072
17110
17155
17214
17239
17257
17272
17289
17301
17309
17331
17346
17426
17466
17530
17575
17626
17684
17728
17733
17748
17783
17833
17896
17942
17992
18024
18050
18085
18124
18141
18160
18172
18180
18196
18256
18286
18318
18355
18401
18427
18457
18469
18524
18542
18568
18584
18592
18625
18651
18696
18735
18757
18788
18847
18881
18897
18943
18991
19006
19014
19033
19060
19096
19121
19152
19175
19202
19218
19234
19242
19261
19281
19299
19326
19338
19345
19355
19361
19371
19384
19438
19501
19537
19576
19613
19654
19708
19757
19774
19808
19864
19890
19899
19909
19948
20000
20011
20027
20028
20031
20050
20070
20087
20114
20129
20148
20156
20168
20179
20200
20223
20237
20242
20300
20332
20350
20375
20384
20388
20399
20412
20433
20447
20458
20477
20499
20520
20546
20596
20670
20694
20747
20755
20759
20765
20783
20814
20851
20868
20888
20888
20923
20938
20951
20963
20972
20982
21006
21023
21060
21074
21095
21116
21126
21135
21158
21208
21213
21260
21272
21294
21305
21321
21354
21385
21404
21423
21437
21454
21482
21503
21546
21588
21668
21699
21748
21760
21812
21878
21893
21917
21953
21968
22007
22025
22071
22095
22113
22148
22181
22208
22230
22265
22289
22302
22314
22322
22354
22369
22390
22410
22451
22466
22480
22503
22516
22533
22563
22591
22596
22611
22613
22620
22622
22623
22635
22661
22702
22779
22792
22814
22849
22880
22903
22934
22948
22965
22999
23024
23037
23043
23084
23123
23166
23170
23196
23214
23243
23266
23285
23307
23357
23375
23396
23412
23450
23475
23511
23519
23545
23583
23586
23598
23625
23666
23710
23742
23760
23783
23800
23823
23830
23852
23865
23890
23924
23927
23935
23940
23940
23942
23957
23989
24038
24063
24097
24124
24175
24180
24213
24233
24269
24286
24322
24357
24370
24408
24442
24482
24512
24567
24594
24608
24636
24678
24715
24750
24803
24808
24834
24872
24882
24907
24943
24997
25021
25055
25063
25063
25079
25092
25113
25126
25139
25161
25190
25198
25218
25227
25244
25261
25283
25302
25318
25344
25358
25386
25432
25453
25483
25526
25578
25589
25614
25629
25654
25687
25698
25732
25761
25793
25816
25847
25865
25893
25916
25946
25974
26033
26068
26095
26139
26151
26212
26251
26309
26324
26360
26385
26414
26451
26479
26506
26553
26561
26594
26614
26631
26631
26631
26645
26653
26678
26682
26695
26704
26717
26730
26739
26765
26781
26792
26803
26818
26835
26874
26935
26976
27036
27058
27081
27136
27181
27218
27271
27310
27314
27314
27317
27329
27350
27384
27394
27394
27414
27429
27436
27437
27442
27445
27471
27512
27572
27595
27632
27660
27681
27710
27716
27735
27748
27783
27819
27851
27868
27895
27926
27968
27995
28022
28028
28054
28088
28109
28131
28167
28181
28194
28201
28216
28221
28279
28320
28346
28377
28403
28428
28437
28466
28471
28480
28489
28493
28497
28500
28503
28514
28523
28528
28537
28557
28584
28603
28617
28627
28646
28664
28696
28718
28741
28755
28782
28799
28831
28876
28934
28954
28996
29032
29059
29088
29137
29169
29210
29235
29272
29303
29328
29367
29398
29411
29435
29444
29455
29469
29505
29528
29565
29596
29612
29649
29683
29706
29717
29728
29736
29752
29773
29825
29836
29852
29869
29898
29941
29965
29996
30028
30068
30081
30104
30137
30163
30203
30265
30329
30364
30382
30399
30412
30444
30491
30543
30576
30592
30626
30652
30673
30720
30755
30782
30799
30827
30844
30850
30866
30878
30883
30891
30895
30914
30945
30989
31013
31030
31049
31069
31103
31131
31141
31171
31212
31229
31239
31266
31283
31302
31346
31397
31433
31452
31504
31542
31548
31560
31589
31616
31630
31641
31684
31720
31777
31808
31809
31824
D 31929
31929
31929
31929
31929
31929
31929
31931
31932
31932
31932
31932
31933
31933
31933
31933
31934
31934
31934
31934
31934
31934
31934
31934
31961
32028
32085
32085
32085
32085
32085
32085
32096
32098
32102
32104
32106
32131
32153
32165
32192
32200
32213
32240
32317
32348
32393
32422
32461
32508
32541
32569
32597
32631
32640
32640
32654
32674
32703
32737
32737
32744
32758
32771
32779
32792
32800
32838
32876
32878
32879
32879
32879
32879
32879
32894
32918
32931
32948
32971
33004
33017
33034
33054
33066
33088
33117
33161
33184
33190
33236
33252
33261
33273
33278
33278
33281
33293
33308
33319
33329
33339
33345
33351
33362
33371
33391
33420
33444
33461
33467
33471
33476
33491
33502
33527
33545
33570
33594
33610
33633
33654
33679
33679
33679
33679
33686
33697
D 33706
D 33706
D 33706
D 33706
33706
33706
33706
33706
33706
33706
33706
33706
33706
33707
33707
33708
33708
33708
33713
33728
33745
33761
33771
33781
33783
33783
33785
33792
33798
33798
33810
33815
33822
33836
33851
33859
33860
33863
33867
33878
33922
33939
33955
33973
33987
33988
33998
34008
34012
34026
34046
34065
34068
34080
34085
34109
34131
34152
34161
34165
34169
34170
34174
34174
34185
34200
34210
34235
34245
34253
34268
34285
34298
34315
34352
34362
34371
34388
34402
34416
34434
34442
34444
34444
34444
34445
34448
34449
34456
34457
34465
34477
34483
34488
34493
34499
34514
34523
34531
34541
34550
34558
34558
34558
34559
34561
34573
34581
34585
34595
34596
34596
34597
34600
34608
34621
34637
34655
34673
34683
34691
34700
34700
34700
34700
34707
34707
34712
34719
34721
34735
D 34749
D 34749
D 34749
D 34749
D 34749
D 34749
D 34749
D 34749
D 34749
D 34749
D 34749
34749
34749
34749
34749
34749
34749
34749
34749
34749
34749
34749
34749
34749
34751
34780
34793
34806
34818
34829
34840
34856
34878
34894
34915
34947
34963
34975
34993
35000
35001
35009
35018
35028
35038
35047
35053
35072
35081
35091
35097
35097
35097
35097
35097
35097
35099
35106
35110
35117
35127
35133
35143
35153
35168
35181
35193
35194
35215
35222
35238
35248
35252
35260
35269
35278
35287
35331
35346
35360
35376
35376
35378
35378
35378
35378
35383
35383
35384
35385
35385
35394
35404
35413
35422
35426
35426
35428
35439
35446
35452
35461
35469
35484
35495
35501
35509
35520
35523
35534
35540
35549
35553
35577
35595
35603
35617
35626
35635
35647
35673
35680
35684
35713
35729
35749
35757
35764
35768
35778
35793
35800
35818
35822
35825
35831
35836
35849
D 35852
D 35852
D 35852
D 35852
D 35852
D 35852
D 35852
D 35852
D 35852
D 35852
D 35852
D 35852
D 35852
D 35852
D 35852
D 35852
D 35852
35852
35852
35852
35852
35852
35852
35852
35852
35852
35852
35852
35852
35852
35852
35852
35852
35852
35852
35852
35860
35864
35865
35867
35872
35875
35877
35878
35883
35891
35896
35902
35905
35905
35908
35917
35940
35953
35959
35972
35985
35999
36007
36015
36022
36041
36055
36067
36079
36083
36101
36112
36119
36124
36124
36124
36124
36135
36159
36168
36174
36175
36179
36181
36186
36191
36199
36208
36214
36216
36223
36233
36234
36235
36238
36238
36242
36254
36255
36260
36270
36275
36276
36282
36289
36289
36289
36301
36309
36312
36317
36321
36327
36353
36389
36403
36409
36416
36423
36452
36481
36511
36531
36548
36566
36578
36595
36605
36612
36623
36628
36628
36632
36634
36639
36663
36670
36672
36674
36676
36685
36689
36695
36697
36701
36705
36714
36725
D 36736
36736
36736
36736
36736
36736
36736
36736
36736
36736
36736
36736
36736
36736
36736
36736
36736
36736
36736
36736
36736
36736
36736
36736
36736
36736
36736
36736
36736
36736
36736
36736
36736
36736
36736
36736
36736
36736
36736
36736
36736
36736
36736
36736
36736
36736
36736
36736
36736
36736
36736
36736
36736
36736
36736
36736
36736
36736
36736
36736
36736
36736
36736
36736
36736
36736
36736
36736
36736
36736
36736
36736
36736
36736
36736
36736
36736
36736
36736
36736
36736
36736
36736
36736
36736
36736
36736
36736
36736
36736
36736
36736
36736
36736
36736
36736
36736
36736
36736
36736
36736
36737
36737
36737
36737
36737
36737
36737
36737
36737
36737
36737
36737
36737
36737
36737
36737
36737
36737
36737
36737
36737
36737
36737
36737
36737
36737
36737
D 36737
D 36737
D 36737
D 36737
36737
36737
36737
36737
36737
36737
36737
36737
36737
36737
36737
36737
36737
36737
36737
36737
36737
36737
36737
36737
36737
36737
36737
36737
36737
36737
36737
36737
36737
36737
36737
36737
36737
36737
36737
36737
36737
36737
36737
36737
36737
36737
36737
36737
36737
36737
36737
36737
36737
36737
36737
36737
36737
36737
36737
36737
36737
36737
36737
36737
36737
36737
36737
36737
36737
36737
36737
36737
36737
36737
36737
36737
36737
36737
36737
36737
36737
36737
36737
36737
36737
36737
36737
36737
36737
36737
36737
36737
36737
36737
36737
36737
36737
36737
36737
36737
36737
36737
36737
36737
36737
36737
36737
36737
36737
36737
36737
36737
36737
36737
36737
36738
36744
36750
36751
36754
36761
36762
36765
36766
36770
36774
36777
36785
36791
36823
36828
D 36829
D 36829
D 36829
D 36829
D 36829
D 36829
D 36829
D 36829
D 36829
D 36829
D 36829
36829
36829
36829
36829
36829
36829
36829
36829
36829
36829
36829
36829
36829
36829
36829
36829
36829
36829
36832
36836
36837
36844
36846
36851
36857
36864
36870
36872
36876
36879
36881
36886
36888
36900
36900
36900
36900
36901
36904
36908
36916
36921
36927
36933
36939
36941
36954
36955
36955
36961
36964
36966
36970
36971
36982
36986
36987
36990
36992
37001
37013
37019
37023
37029
37029
37031
37036
37038
37041
37043
37046
37060
37063
37071
37071
37072
37089
37096
37103
37106
37106
37113
37117
37125
37132
37140
37143
37144
37145
37148
37151
37167
37171
37177
37182
37188
37188
37193
37196
37201
37205
37209
37214
37215
37218
37220
37224
37231
37237
37244
37250
37257
37260
37263
37276
37278
37287
37290
37291
37291
37293
37293
37293
37293
37293
37293
37293
D 37295
D 37295
D 37295
D 37295
D 37295
D 37295
D 37295
D 37295
D 37295
D 37295
D 37295
D 37295
D 37295
D 37295
D 37295
D 37295
D 37295
