D 0
D 0
D 0
D 16
D 16
D 16
D 16
D 16
D 16
D 16
D 16
16
D 16
16
16
16
16
16
16
16
16
16
16
16
16
16
16
16
16
16
16
16
16
16
16
16
28
31
38
52
68
72
78
91
102
109
125
128
144
153
161
165
175
188
194
197
202
215
218
225
238
250
258
269
279
284
290
300
316
332
338
347
355
362
366
369
D 376
376
376
376
376
376
376
376
376
376
376
376
376
376
376
376
376
376
376
376
376
376
376
376
382
393
409
413
419
428
433
435
443
443
443
443
443
443
443
443
443
443
443
443
443
443
443
443
443
443
443
443
443
443
443
443
444
445
454
459
462
464
466
469
D 471
471
471
471
471
471
471
471
471
471
471
471
471
471
471
471
471
471
471
471
471
471
471
471
471
471
471
471
471
471
471
471
471
471
471
471
471
471
471
471
471
472
474
478
479
479
481
486
486
488
489
498
505
507
508
515
516
516
516
516
517
517
519
519
519
523
523
530
531
537
538
538
541
544
549
562
564
565
572
572
579
582
585
585
585
585
589
592
593
598
607
607
607
610
613
613
613
616
618
621
625
626
628
636
636
639
639
640
640
641
641
641
647
648
658
661
667
673
677
679
682
685
689
696
697
697
697
698
D 704
D 704
D 704
D 704
D 704
D 704
D 704
D 704
D 704
D 704
D 704
704
704
704
704
704
704
704
704
704
704
704
704
704
704
704
704
704
704
704
704
705
705
707
707
707
709
709
713
713
713
714
715
717
717
718
721
722
722
723
723
723
725
728
733
736
737
742
746
753
754
761
764
766
769
772
777
777
777
777
779
780
783
787
789
791
791
793
795
802
808
811
815
816
818
821
829
837
837
838
841
845
849
849
851
851
857
862
863
866
868
870
876
882
887
889
895
900
903
908
910
910
913
915
915
915
915
915
915
915
917
918
922
923
923
924
924
928
934
938
938
938
938
939
939
946
949
949
D 954
954
954
954
954
954
954
954
954
954
954
954
954
954
954
954
954
954
954
954
954
954
954
954
954
954
954
954
954
954
954
954
954
954
954
954
954
954
954
954
954
954
954
954
954
954
954
955
955
955
955
955
955
955
955
955
956
956
956
956
957
957
958
958
958
963
968
972
972
972
974
976
986
993
997
1005
1007
1012
1014
1015
1020
1026
1041
1044
1044
1047
1047
1048
1048
1051
1055
1059
1060
1060
1060
1060
1060
1060
1060
1060
1060
1060
1060
1060
1060
1062
1063
1064
1065
1069
1073
1074
1077
1078
1078
1080
1082
1083
1083
1088
1088
1089
1091
1093
1095
1095
1096
1099
D 1099
D 1099
D 1099
D 1099
D 1099
D 1099
D 1099
D 1099
D 1099
D 1099
D 1099
