D 0
D 0
D 0
D 83
D 83
D 83
D 83
D 83
D 83
D 83
D 83
83
D 83
83
83
83
83
83
83
83
83
83
83
83
83
83
83
83
83
83
83
83
85
103
106
121
132
135
142
156
180
186
192
205
216
224
241
246
262
272
280
284
294
309
315
319
324
337
342
349
363
376
386
397
407
412
418
428
445
465
471
481
490
497
503
506
D 513
513
513
513
513
513
513
513
513
513
513
513
513
513
513
513
513
513
513
513
513
528
528
528
528
528
528
528
528
528
528
528
528
528
528
528
528
528
528
528
528
528
529
534
538
541
546
548
550
551
551
560
567
570
574
577
580
581
590
596
598
602
606
610
D 612
612
612
612
612
612
612
612
612
612
612
612
612
612
612
612
612
612
612
612
612
612
612
612
612
612
612
612
612
613
613
614
618
621
625
626
628
629
631
635
636
640
643
646
646
646
648
650
650
651
653
658
661
662
662
669
669
669
669
669
672
672
672
672
672
675
675
679
683
683
683
683
683
684
686
687
687
688
690
692
696
703
710
714
714
716
720
720
720
724
729
741
747
751
757
757
763
767
771
775
780
780
780
780
783
789
789
795
799
799
802
810
821
826
840
843
852
859
860
863
864
875
875
885
886
886
891
893
D 893
D 893
D 893
D 893
D 893
D 893
D 893
D 893
D 893
D 893
D 893
893
893
893
893
893
893
893
893
893
893
893
893
893
893
893
893
893
893
897
899
900
901
904
905
908
910
911
916
916
918
918
918
922
922
923
926
926
927
929
930
930
932
934
937
940
941
945
946
954
955
965
967
972
974
982
993
995
997
1001
1003
1008
1013
1015
1017
1019
1023
1029
1029
1029
1034
1038
1039
1041
1042
1046
1053
1061
1066
1068
1069
1072
1078
1078
1078
1081
1082
1082
1082
1082
1085
1086
1086
1087
1090
1093
1105
1110
1111
1119
1134
1138
1143
1145
1151
1154
1158
1159
1161
1164
1168
1177
1177
1177
1179
1181
1181
1187
1190
1197
1200
1203
1207
1210
1213
1219
1222
1223
D 1227
1227
1227
1227
1227
1227
1227
1227
1227
1227
1227
1227
1227
1227
1227
1227
1227
1227
1227
1227
1227
1227
1227
1227
1227
1227
1227
1227
1227
1227
1227
1227
1227
1227
1227
1227
1227
1227
1227
1228
1228
1228
1228
1228
1228
1228
1228
1228
1229
1232
1232
1232
1235
1236
1244
1245
1251
1255
1257
1262
1269
1270
1278
1278
1280
1284
1286
1291
1293
1293
1293
1293
1293
1293
1293
1293
1293
1293
1293
1293
1293
1293
1293
1294
1294
1297
1297
1300
1300
1304
1305
1305
1305
1305
1305
1305
1306
1306
1306
1308
1308
1309
1309
1311
1311
1311
1311
1311
1311
1311
1312
1314
1319
1320
1320
1322
1325
1327
1327
1332
1335
1335
1336
1337
1338
1345
1350
1357
D 1357
D 1357
D 1357
D 1357
D 1357
D 1357
D 1357
D 1357
D 1357
D 1357
D 1357
